// Jest Snapshot v1, https://goo.gl/fbAQLP

exports[`Detail component should display content 1`] = `undefined`;
