// Jest Snapshot v1, https://goo.gl/fbAQLP

exports[`Home component should display content 1`] = `undefined`;
